// Jest Snapshot v1, https://goo.gl/fbAQLP

exports[`Test Navbar component should render correctly 1`] = `ShallowWrapper {}`;
